WARNING(4): The variable 'x' seems not to be used.
Number of warnings: 1
Number of errors: 0
------------------------------------
Loading file: a02.tm
982
Bye.
