Number of warnings: 0
Number of errors: 0
------------------------------------
Loading file: a04.tm
F
Bye.
