Number of warnings: 0
Number of errors: 0
------------------------------------
Loading file: a06.tm
273
Bye.
