Number of warnings: 0
Number of errors: 0
------------------------------------
Loading file: a07.tm
341
273
Bye.
