Number of warnings: 0
Number of errors: 0
------------------------------------
Loading file: b01.tm
650
Bye.
