Number of warnings: 0
Number of errors: 0
------------------------------------
Loading file: b03.tm
11
Bye.
