Number of warnings: 0
Number of errors: 0
------------------------------------
Loading file: b05.tm
37
Bye.
