Number of warnings: 0
Number of errors: 0
------------------------------------
Loading file: b08.tm
F
T
Bye.
