Number of warnings: 0
Number of errors: 0
------------------------------------
Loading file: c08.tm
T
Bye.
