Number of warnings: 0
Number of errors: 0
------------------------------------
Loading file: c09.tm
1197 -753
Bye.
