Number of warnings: 0
Number of errors: 0
------------------------------------
Loading file: c0b.tm
444
Bye.
