Number of warnings: 0
Number of errors: 0
------------------------------------
Loading file: c0c2.tm
ABBBBB
Bye.
