Number of warnings: 0
Number of errors: 0
------------------------------------
Loading file: c0c3.tm
ABBBBB
Bye.
