Number of warnings: 0
Number of errors: 0
------------------------------------
Loading file: c16.tm
284
Bye.
