Number of warnings: 0
Number of errors: 0
------------------------------------
Loading file: c20.tm
754 445
Bye.
