Number of warnings: 0
Number of errors: 0
------------------------------------
Loading file: c21.tm
752 443
Bye.
