Number of warnings: 0
Number of errors: 0
------------------------------------
Loading file: e04.tm
Bye.
