Number of warnings: 0
Number of errors: 0
------------------------------------
Loading file: f01.tm
Bye.
