Number of warnings: 0
Number of errors: 0
------------------------------------
Loading file: f02.tm
42
Bye.
