Number of warnings: 0
Number of errors: 0
------------------------------------
Loading file: f06.tm
F T F
Bye.
