Number of warnings: 0
Number of errors: 0
------------------------------------
Loading file: f08.tm
874
Bye.
