Number of warnings: 0
Number of errors: 0
------------------------------------
Loading file: f09.tm
186
Bye.
