Number of warnings: 0
Number of errors: 0
------------------------------------
Loading file: g05.tm
404484
Bye.
