Number of warnings: 0
Number of errors: 0
------------------------------------
Loading file: g0a.tm
445
Bye.
