Number of warnings: 0
Number of errors: 0
------------------------------------
Loading file: g0b.tm
445
Bye.
