Number of warnings: 0
Number of errors: 0
------------------------------------
Loading file: g0c.tm
176
Bye.
