Number of warnings: 0
Number of errors: 0
------------------------------------
Loading file: i03.tm
13
Bye.
