Number of warnings: 0
Number of errors: 0
------------------------------------
Loading file: i04.tm
666
Bye.
