WARNING(5): Variable 'rr' may be uninitialized when used here.
Number of warnings: 1
Number of errors: 0
------------------------------------
Loading file: i0b.tm
20
Bye.
