Number of warnings: 0
Number of errors: 0
------------------------------------
Loading file: j00.tm
7 7 7
7 7 7
7 7 7
7 7 7
Bye.
