Number of warnings: 0
Number of errors: 0
------------------------------------
Loading file: k01.tm
300
302
304
306
308
310
312
Bye.
