WARNING(15): Expecting to return type int but function 'antno' has no return statement.
WARNING(16): Expecting to return type bool but function 'bearno' has no return statement.
WARNING(17): Expecting to return type char but function 'catno' has no return statement.
WARNING(19): The parameter 'aardvark' seems not to be used.
WARNING(19): The parameter 'baboon' seems not to be used.
WARNING(19): The parameter 'cow' seems not to be used.
WARNING(21): The parameter 'asp' seems not to be used.
WARNING(21): The parameter 'bull' seems not to be used.
WARNING(21): The parameter 'crow' seems not to be used.
WARNING(28): Variable 'a' may be uninitialized when used here.
WARNING(28): Variable 'b' may be uninitialized when used here.
WARNING(28): Variable 'c' may be uninitialized when used here.
ERROR(29): Expecting array in parameter 1 of call to 'elk' declared on line 21.
ERROR(29): Expecting array in parameter 2 of call to 'elk' declared on line 21.
ERROR(29): Expecting array in parameter 3 of call to 'elk' declared on line 21.
ERROR(30): Symbol 'fox' is not declared.
WARNING(32): Variable 'aa' may be uninitialized when used here.
ERROR(32): Not expecting array in parameter 1 of call to 'dog' declared on line 19.
WARNING(32): Variable 'bb' may be uninitialized when used here.
ERROR(32): Not expecting array in parameter 2 of call to 'dog' declared on line 19.
WARNING(32): Variable 'cc' may be uninitialized when used here.
ERROR(32): Not expecting array in parameter 3 of call to 'dog' declared on line 19.
ERROR(34): Symbol 'fox' is not declared.
ERROR(38): Expecting array in parameter 1 of call to 'elk' declared on line 21.
ERROR(38): Expecting array in parameter 2 of call to 'elk' declared on line 21.
ERROR(38): Expecting array in parameter 3 of call to 'elk' declared on line 21.
ERROR(39): Symbol 'fox' is not declared.
ERROR(41): '+' requires operands of type int but rhs is of type bool.
ERROR(41): '-' requires operands of type int but lhs is of type bool.
ERROR(41): '-' requires operands of type int but rhs is of type char.
ERROR(41): Expecting type bool in parameter 2 of call to 'dog' declared on line 19 but got type int.
ERROR(41): '*' requires operands of type int but rhs is of type char.
ERROR(41): Expecting type char in parameter 3 of call to 'dog' declared on line 19 but got type int.
ERROR(42): '+' requires operands of type int but rhs is of type bool.
ERROR(42): Expecting array in parameter 1 of call to 'elk' declared on line 21.
ERROR(42): '-' requires operands of type int but lhs is of type bool.
ERROR(42): '-' requires operands of type int but rhs is of type char.
ERROR(42): Expecting type bool in parameter 2 of call to 'elk' declared on line 21 but got type int.
ERROR(42): Expecting array in parameter 2 of call to 'elk' declared on line 21.
ERROR(42): '*' requires operands of type int but rhs is of type char.
ERROR(42): Expecting type char in parameter 3 of call to 'elk' declared on line 21 but got type int.
ERROR(42): Expecting array in parameter 3 of call to 'elk' declared on line 21.
ERROR(44): Symbol 'emu' is not declared.
ERROR(44): Symbol 'x' is not declared.
ERROR(44): '+' requires operands of type int but rhs is of type bool.
ERROR(44): Symbol 'parrot' is not declared.
ERROR(44): Symbol 'x' is not declared.
ERROR(45): Symbol 'emu' is not declared.
ERROR(45): Symbol 'emu' is not declared.
ERROR(45): Symbol 'x' is not declared.
ERROR(45): '+' requires operands of type int but rhs is of type bool.
ERROR(45): Symbol 'parrot' is not declared.
ERROR(45): Symbol 'x' is not declared.
ERROR(45): Symbol 'x' is not declared.
ERROR(45): '*' requires operands of type int but rhs is of type bool.
Number of warnings: 15
Number of errors: 40
