WARNING(7): The variable 'load' seems not to be used.
WARNING(7): The variable 'load-1' seems not to be used.
Number of warnings: 2
Number of errors: 0
------------------------------------
Loading file: s013.tm
777 666
Bye.
