Number of warnings: 0
Number of errors: 0
------------------------------------
Loading file: t03.tm
144
Bye.
