Number of warnings: 0
Number of errors: 0
------------------------------------
Loading file: v00.tm
acid
acid
Bye.
