Number of warnings: 0
Number of errors: 0
------------------------------------
Loading file: v015.tm
acid zulu
zulu aciu
Bye.
