Number of warnings: 0
Number of errors: 0
------------------------------------
Loading file: v02.tm
F F
T T
F T
F T
T F
T F
Bye.
